// Jest Snapshot v1, https://goo.gl/fbAQLP

exports[`ConfirmModal matches the snapshot 1`] = `
<Modal
  animationType="fade"
  hardwareAccelerated={false}
  onRequestClose={[MockFunction]}
  transparent={true}
  visible={true}
>
  <View
    style={
      {
        "alignItems": "center",
        "backgroundColor": "rgba(0, 0, 0, 0.5)",
        "flex": 1,
        "justifyContent": "center",
      }
    }
  >
    <View
      style={
        {
          "alignItems": "center",
          "backgroundColor": "white",
          "borderRadius": 10,
          "padding": 20,
          "width": "80%",
        }
      }
    >
      <Text
        style={
          {
            "fontSize": 18,
            "fontWeight": "bold",
            "marginBottom": 10,
          }
        }
      >
        Test Title
      </Text>
      <Text
        style={
          {
            "fontSize": 16,
            "marginBottom": 20,
            "textAlign": "center",
          }
        }
      >
        Test Message
      </Text>
      <View
        style={
          {
            "flexDirection": "row",
            "justifyContent": "space-between",
            "width": "100%",
          }
        }
      >
        <View
          accessibilityState={
            {
              "busy": undefined,
              "checked": undefined,
              "disabled": undefined,
              "expanded": undefined,
              "selected": undefined,
            }
          }
          accessibilityValue={
            {
              "max": undefined,
              "min": undefined,
              "now": undefined,
              "text": undefined,
            }
          }
          accessible={true}
          collapsable={false}
          focusable={true}
          onClick={[Function]}
          onResponderGrant={[Function]}
          onResponderMove={[Function]}
          onResponderRelease={[Function]}
          onResponderTerminate={[Function]}
          onResponderTerminationRequest={[Function]}
          onStartShouldSetResponder={[Function]}
          style={
            {
              "alignItems": "center",
              "backgroundColor": "#F94695",
              "borderRadius": 24,
              "flex": 1,
              "marginHorizontal": 5,
              "opacity": 1,
              "padding": 10,
              "paddingVertical": 8,
            }
          }
          testID="button"
        >
          <Text
            style={
              [
                {
                  "fontFamily": "PingFang-SC-Regular",
                },
                [
                  {
                    "color": "#FFFFFF",
                    "fontSize": 14,
                    "fontWeight": "600",
                    "lineHeight": 18.2,
                    "textAlign": "center",
                  },
                  undefined,
                ],
              ]
            }
          >
            yes
          </Text>
        </View>
        <View
          accessibilityState={
            {
              "busy": undefined,
              "checked": undefined,
              "disabled": undefined,
              "expanded": undefined,
              "selected": undefined,
            }
          }
          accessibilityValue={
            {
              "max": undefined,
              "min": undefined,
              "now": undefined,
              "text": undefined,
            }
          }
          accessible={true}
          collapsable={false}
          focusable={true}
          onClick={[Function]}
          onResponderGrant={[Function]}
          onResponderMove={[Function]}
          onResponderRelease={[Function]}
          onResponderTerminate={[Function]}
          onResponderTerminationRequest={[Function]}
          onStartShouldSetResponder={[Function]}
          style={
            {
              "alignItems": "center",
              "backgroundColor": "#F94695",
              "borderRadius": 24,
              "flex": 1,
              "marginHorizontal": 5,
              "opacity": 1,
              "padding": 10,
              "paddingVertical": 8,
            }
          }
          testID="button"
        >
          <Text
            style={
              [
                {
                  "fontFamily": "PingFang-SC-Regular",
                },
                [
                  {
                    "color": "#FFFFFF",
                    "fontSize": 14,
                    "fontWeight": "600",
                    "lineHeight": 18.2,
                    "textAlign": "center",
                  },
                  undefined,
                ],
              ]
            }
          >
            cancel
          </Text>
        </View>
      </View>
    </View>
  </View>
</Modal>
`;
